Microsoft (R) COFF/PE Dumper Version 14.44.35228.0
Copyright (C) Microsoft Corporation.  All rights reserved.


Dump of file F:\codex_project\37_LLMsim\heterollm-sim-4.0.0\artifacts\development\native_long_grid_135_20260915\optimization_loop\round_026\mmvq_wrapper_launch_match\build_attempt.0001\mmvq-layout-host-test.exe

File Type: EXECUTABLE IMAGE

  Image has the following dependencies:

    MSVCP140.dll
    KERNEL32.dll
    VCRUNTIME140.dll
    VCRUNTIME140_1.dll
    api-ms-win-crt-string-l1-1-0.dll
    api-ms-win-crt-runtime-l1-1-0.dll
    api-ms-win-crt-math-l1-1-0.dll
    api-ms-win-crt-stdio-l1-1-0.dll
    api-ms-win-crt-locale-l1-1-0.dll
    api-ms-win-crt-heap-l1-1-0.dll

  Summary

        1000 .data
        1000 .pdata
        2000 .rdata
        1000 .reloc
        1000 .text
