Microsoft (R) COFF/PE Dumper Version 14.44.35228.0
Copyright (C) Microsoft Corporation.  All rights reserved.


Dump of file F:\codex_project\37_LLMsim\heterollm-sim-4.0.0\artifacts\development\native_long_grid_135_20260915\optimization_loop\round_028\gpu_operator_timing\build_attempt.0004\gpu-operator-timing.exe

File Type: EXECUTABLE IMAGE

  Image has the following dependencies:

    ggml-base.dll
    ggml-cuda.dll
    cudart64_12.dll
    nvcuda.dll
    bcrypt.dll
    MSVCP140.dll
    KERNEL32.dll
    VCRUNTIME140.dll
    VCRUNTIME140_1.dll
    api-ms-win-crt-runtime-l1-1-0.dll
    api-ms-win-crt-string-l1-1-0.dll
    api-ms-win-crt-heap-l1-1-0.dll
    api-ms-win-crt-convert-l1-1-0.dll
    api-ms-win-crt-environment-l1-1-0.dll
    api-ms-win-crt-stdio-l1-1-0.dll
    api-ms-win-crt-filesystem-l1-1-0.dll
    api-ms-win-crt-math-l1-1-0.dll
    api-ms-win-crt-locale-l1-1-0.dll

  Summary

        3000 .data
        1000 .nvFatBi
       BF000 .nv_fatb
        4000 .pdata
       31000 .rdata
        1000 .reloc
       9C000 .text
