host_tests.cpp
注意: 包含文件:  F:\codex_project\37_LLMsim\heterollm-sim-4.0.0\artifacts\development\native_long_grid_135_20260915\optimization_loop\round_028\host_service_controls\logic.h
注意: 包含文件:   C:\Program Files (x86)\Microsoft Visual Studio\2022\BuildTools\VC\Tools\MSVC\14.44.35207\include\cstdint
注意: 包含文件:    C:\Program Files (x86)\Microsoft Visual Studio\2022\BuildTools\VC\Tools\MSVC\14.44.35207\include\yvals_core.h
注意: 包含文件:     C:\Program Files (x86)\Microsoft Visual Studio\2022\BuildTools\VC\Tools\MSVC\14.44.35207\include\vcruntime.h
注意: 包含文件:      C:\Program Files (x86)\Microsoft Visual Studio\2022\BuildTools\VC\Tools\MSVC\14.44.35207\include\sal.h
注意: 包含文件:       C:\Program Files (x86)\Microsoft Visual Studio\2022\BuildTools\VC\Tools\MSVC\14.44.35207\include\concurrencysal.h
注意: 包含文件:      C:\Program Files (x86)\Microsoft Visual Studio\2022\BuildTools\VC\Tools\MSVC\14.44.35207\include\vadefs.h
注意: 包含文件:     C:\Program Files (x86)\Microsoft Visual Studio\2022\BuildTools\VC\Tools\MSVC\14.44.35207\include\xkeycheck.h
注意: 包含文件:    C:\Program Files (x86)\Microsoft Visual Studio\2022\BuildTools\VC\Tools\MSVC\14.44.35207\include\stdint.h
注意: 包含文件:   C:\Program Files (x86)\Microsoft Visual Studio\2022\BuildTools\VC\Tools\MSVC\14.44.35207\include\stdexcept
注意: 包含文件:    C:\Program Files (x86)\Microsoft Visual Studio\2022\BuildTools\VC\Tools\MSVC\14.44.35207\include\exception
注意: 包含文件:     C:\Program Files (x86)\Microsoft Visual Studio\2022\BuildTools\VC\Tools\MSVC\14.44.35207\include\yvals.h
注意: 包含文件:      C:\Program Files (x86)\Windows Kits\10\include\10.0.19041.0\ucrt\crtdbg.h
注意: 包含文件:       C:\Program Files (x86)\Windows Kits\10\include\10.0.19041.0\ucrt\corecrt.h
注意: 包含文件:       C:\Program Files (x86)\Microsoft Visual Studio\2022\BuildTools\VC\Tools\MSVC\14.44.35207\include\vcruntime_new_debug.h
注意: 包含文件:        C:\Program Files (x86)\Microsoft Visual Studio\2022\BuildTools\VC\Tools\MSVC\14.44.35207\include\vcruntime_new.h
注意: 包含文件:      C:\Program Files (x86)\Microsoft Visual Studio\2022\BuildTools\VC\Tools\MSVC\14.44.35207\include\crtdefs.h
注意: 包含文件:      C:\Program Files (x86)\Microsoft Visual Studio\2022\BuildTools\VC\Tools\MSVC\14.44.35207\include\use_ansi.h
注意: 包含文件:     C:\Program Files (x86)\Microsoft Visual Studio\2022\BuildTools\VC\Tools\MSVC\14.44.35207\include\cstdlib
注意: 包含文件:      C:\Program Files (x86)\Windows Kits\10\include\10.0.19041.0\ucrt\math.h
注意: 包含文件:       C:\Program Files (x86)\Windows Kits\10\include\10.0.19041.0\ucrt\corecrt_math.h
注意: 包含文件:      C:\Program Files (x86)\Windows Kits\10\include\10.0.19041.0\ucrt\stdlib.h
注意: 包含文件:       C:\Program Files (x86)\Windows Kits\10\include\10.0.19041.0\ucrt\corecrt_malloc.h
注意: 包含文件:       C:\Program Files (x86)\Windows Kits\10\include\10.0.19041.0\ucrt\corecrt_search.h
注意: 包含文件:        C:\Program Files (x86)\Windows Kits\10\include\10.0.19041.0\ucrt\stddef.h
注意: 包含文件:       C:\Program Files (x86)\Windows Kits\10\include\10.0.19041.0\ucrt\corecrt_wstdlib.h
注意: 包含文件:       C:\Program Files (x86)\Microsoft Visual Studio\2022\BuildTools\VC\Tools\MSVC\14.44.35207\include\limits.h
注意: 包含文件:     C:\Program Files (x86)\Microsoft Visual Studio\2022\BuildTools\VC\Tools\MSVC\14.44.35207\include\type_traits
注意: 包含文件:      C:\Program Files (x86)\Microsoft Visual Studio\2022\BuildTools\VC\Tools\MSVC\14.44.35207\include\cstddef
注意: 包含文件:       C:\Program Files (x86)\Microsoft Visual Studio\2022\BuildTools\VC\Tools\MSVC\14.44.35207\include\xtr1common
注意: 包含文件:      C:\Program Files (x86)\Microsoft Visual Studio\2022\BuildTools\VC\Tools\MSVC\14.44.35207\include\cstring
注意: 包含文件:       C:\Program Files (x86)\Windows Kits\10\include\10.0.19041.0\ucrt\string.h
注意: 包含文件:        C:\Program Files (x86)\Windows Kits\10\include\10.0.19041.0\ucrt\corecrt_memory.h
注意: 包含文件:         C:\Program Files (x86)\Windows Kits\10\include\10.0.19041.0\ucrt\corecrt_memcpy_s.h
注意: 包含文件:          C:\Program Files (x86)\Windows Kits\10\include\10.0.19041.0\ucrt\errno.h
注意: 包含文件:          C:\Program Files (x86)\Microsoft Visual Studio\2022\BuildTools\VC\Tools\MSVC\14.44.35207\include\vcruntime_string.h
注意: 包含文件:        C:\Program Files (x86)\Windows Kits\10\include\10.0.19041.0\ucrt\corecrt_wstring.h
注意: 包含文件:     C:\Program Files (x86)\Windows Kits\10\include\10.0.19041.0\ucrt\malloc.h
注意: 包含文件:     C:\Program Files (x86)\Microsoft Visual Studio\2022\BuildTools\VC\Tools\MSVC\14.44.35207\include\vcruntime_exception.h
注意: 包含文件:      C:\Program Files (x86)\Microsoft Visual Studio\2022\BuildTools\VC\Tools\MSVC\14.44.35207\include\eh.h
注意: 包含文件:       C:\Program Files (x86)\Windows Kits\10\include\10.0.19041.0\ucrt\corecrt_terminate.h
注意: 包含文件:    C:\Program Files (x86)\Microsoft Visual Studio\2022\BuildTools\VC\Tools\MSVC\14.44.35207\include\xstring
注意: 包含文件:     C:\Program Files (x86)\Microsoft Visual Studio\2022\BuildTools\VC\Tools\MSVC\14.44.35207\include\__msvc_sanitizer_annotate_container.hpp
注意: 包含文件:     C:\Program Files (x86)\Microsoft Visual Studio\2022\BuildTools\VC\Tools\MSVC\14.44.35207\include\__msvc_string_view.hpp
注意: 包含文件:      C:\Program Files (x86)\Microsoft Visual Studio\2022\BuildTools\VC\Tools\MSVC\14.44.35207\include\iosfwd
注意: 包含文件:       C:\Program Files (x86)\Microsoft Visual Studio\2022\BuildTools\VC\Tools\MSVC\14.44.35207\include\cstdio
注意: 包含文件:        C:\Program Files (x86)\Windows Kits\10\include\10.0.19041.0\ucrt\stdio.h
注意: 包含文件:         C:\Program Files (x86)\Windows Kits\10\include\10.0.19041.0\ucrt\corecrt_wstdio.h
注意: 包含文件:          C:\Program Files (x86)\Windows Kits\10\include\10.0.19041.0\ucrt\corecrt_stdio_config.h
注意: 包含文件:       C:\Program Files (x86)\Microsoft Visual Studio\2022\BuildTools\VC\Tools\MSVC\14.44.35207\include\cwchar
注意: 包含文件:        C:\Program Files (x86)\Windows Kits\10\include\10.0.19041.0\ucrt\wchar.h
注意: 包含文件:         C:\Program Files (x86)\Windows Kits\10\include\10.0.19041.0\ucrt\corecrt_wconio.h
注意: 包含文件:         C:\Program Files (x86)\Windows Kits\10\include\10.0.19041.0\ucrt\corecrt_wctype.h
注意: 包含文件:         C:\Program Files (x86)\Windows Kits\10\include\10.0.19041.0\ucrt\corecrt_wdirect.h
注意: 包含文件:         C:\Program Files (x86)\Windows Kits\10\include\10.0.19041.0\ucrt\corecrt_wio.h
注意: 包含文件:          C:\Program Files (x86)\Windows Kits\10\include\10.0.19041.0\ucrt\corecrt_share.h
注意: 包含文件:         C:\Program Files (x86)\Windows Kits\10\include\10.0.19041.0\ucrt\corecrt_wprocess.h
注意: 包含文件:         C:\Program Files (x86)\Windows Kits\10\include\10.0.19041.0\ucrt\corecrt_wtime.h
注意: 包含文件:         C:\Program Files (x86)\Windows Kits\10\include\10.0.19041.0\ucrt\sys/stat.h
注意: 包含文件:          C:\Program Files (x86)\Windows Kits\10\include\10.0.19041.0\ucrt\sys/types.h
注意: 包含文件:      C:\Program Files (x86)\Microsoft Visual Studio\2022\BuildTools\VC\Tools\MSVC\14.44.35207\include\xutility
注意: 包含文件:       C:\Program Files (x86)\Microsoft Visual Studio\2022\BuildTools\VC\Tools\MSVC\14.44.35207\include\__msvc_iter_core.hpp
注意: 包含文件:        C:\Program Files (x86)\Microsoft Visual Studio\2022\BuildTools\VC\Tools\MSVC\14.44.35207\include\utility
注意: 包含文件:         C:\Program Files (x86)\Microsoft Visual Studio\2022\BuildTools\VC\Tools\MSVC\14.44.35207\include\initializer_list
注意: 包含文件:       C:\Program Files (x86)\Microsoft Visual Studio\2022\BuildTools\VC\Tools\MSVC\14.44.35207\include\climits
注意: 包含文件:     C:\Program Files (x86)\Microsoft Visual Studio\2022\BuildTools\VC\Tools\MSVC\14.44.35207\include\xmemory
注意: 包含文件:      C:\Program Files (x86)\Microsoft Visual Studio\2022\BuildTools\VC\Tools\MSVC\14.44.35207\include\limits
注意: 包含文件:       C:\Program Files (x86)\Microsoft Visual Studio\2022\BuildTools\VC\Tools\MSVC\14.44.35207\include\cfloat
注意: 包含文件:        C:\Program Files (x86)\Windows Kits\10\include\10.0.19041.0\ucrt\float.h
注意: 包含文件:       C:\Program Files (x86)\Microsoft Visual Studio\2022\BuildTools\VC\Tools\MSVC\14.44.35207\include\intrin0.h
注意: 包含文件:        C:\Program Files (x86)\Microsoft Visual Studio\2022\BuildTools\VC\Tools\MSVC\14.44.35207\include\intrin0.inl.h
注意: 包含文件:      C:\Program Files (x86)\Microsoft Visual Studio\2022\BuildTools\VC\Tools\MSVC\14.44.35207\include\new
注意: 包含文件:      C:\Program Files (x86)\Microsoft Visual Studio\2022\BuildTools\VC\Tools\MSVC\14.44.35207\include\xatomic.h
注意: 包含文件:     C:\Program Files (x86)\Microsoft Visual Studio\2022\BuildTools\VC\Tools\MSVC\14.44.35207\include\xpolymorphic_allocator.h
注意: 包含文件:      C:\Program Files (x86)\Microsoft Visual Studio\2022\BuildTools\VC\Tools\MSVC\14.44.35207\include\tuple
注意: 包含文件:  C:\Program Files (x86)\Microsoft Visual Studio\2022\BuildTools\VC\Tools\MSVC\14.44.35207\include\iostream
注意: 包含文件:   C:\Program Files (x86)\Microsoft Visual Studio\2022\BuildTools\VC\Tools\MSVC\14.44.35207\include\istream
注意: 包含文件:    C:\Program Files (x86)\Microsoft Visual Studio\2022\BuildTools\VC\Tools\MSVC\14.44.35207\include\__msvc_ostream.hpp
注意: 包含文件:     C:\Program Files (x86)\Microsoft Visual Studio\2022\BuildTools\VC\Tools\MSVC\14.44.35207\include\ios
注意: 包含文件:      C:\Program Files (x86)\Microsoft Visual Studio\2022\BuildTools\VC\Tools\MSVC\14.44.35207\include\xlocnum
注意: 包含文件:       C:\Program Files (x86)\Microsoft Visual Studio\2022\BuildTools\VC\Tools\MSVC\14.44.35207\include\cmath
注意: 包含文件:       C:\Program Files (x86)\Microsoft Visual Studio\2022\BuildTools\VC\Tools\MSVC\14.44.35207\include\iterator
注意: 包含文件:       C:\Program Files (x86)\Microsoft Visual Studio\2022\BuildTools\VC\Tools\MSVC\14.44.35207\include\streambuf
注意: 包含文件:        C:\Program Files (x86)\Microsoft Visual Studio\2022\BuildTools\VC\Tools\MSVC\14.44.35207\include\xiosbase
注意: 包含文件:         C:\Program Files (x86)\Windows Kits\10\include\10.0.19041.0\ucrt\share.h
注意: 包含文件:         C:\Program Files (x86)\Microsoft Visual Studio\2022\BuildTools\VC\Tools\MSVC\14.44.35207\include\system_error
注意: 包含文件:          C:\Program Files (x86)\Microsoft Visual Studio\2022\BuildTools\VC\Tools\MSVC\14.44.35207\include\__msvc_system_error_abi.hpp
注意: 包含文件:          C:\Program Files (x86)\Microsoft Visual Studio\2022\BuildTools\VC\Tools\MSVC\14.44.35207\include\cerrno
注意: 包含文件:          C:\Program Files (x86)\Microsoft Visual Studio\2022\BuildTools\VC\Tools\MSVC\14.44.35207\include\xcall_once.h
注意: 包含文件:          C:\Program Files (x86)\Microsoft Visual Studio\2022\BuildTools\VC\Tools\MSVC\14.44.35207\include\xerrc.h
注意: 包含文件:          C:\Program Files (x86)\Microsoft Visual Studio\2022\BuildTools\VC\Tools\MSVC\14.44.35207\include\atomic
注意: 包含文件:           C:\Program Files (x86)\Microsoft Visual Studio\2022\BuildTools\VC\Tools\MSVC\14.44.35207\include\xthreads.h
注意: 包含文件:            C:\Program Files (x86)\Microsoft Visual Studio\2022\BuildTools\VC\Tools\MSVC\14.44.35207\include\__msvc_threads_core.hpp
注意: 包含文件:            C:\Program Files (x86)\Microsoft Visual Studio\2022\BuildTools\VC\Tools\MSVC\14.44.35207\include\xtimec.h
注意: 包含文件:             C:\Program Files (x86)\Microsoft Visual Studio\2022\BuildTools\VC\Tools\MSVC\14.44.35207\include\ctime
注意: 包含文件:              C:\Program Files (x86)\Windows Kits\10\include\10.0.19041.0\ucrt\time.h
注意: 包含文件:         C:\Program Files (x86)\Microsoft Visual Studio\2022\BuildTools\VC\Tools\MSVC\14.44.35207\include\xlocale
注意: 包含文件:          C:\Program Files (x86)\Microsoft Visual Studio\2022\BuildTools\VC\Tools\MSVC\14.44.35207\include\memory
注意: 包含文件:           C:\Program Files (x86)\Microsoft Visual Studio\2022\BuildTools\VC\Tools\MSVC\14.44.35207\include\typeinfo
注意: 包含文件:            C:\Program Files (x86)\Microsoft Visual Studio\2022\BuildTools\VC\Tools\MSVC\14.44.35207\include\vcruntime_typeinfo.h
注意: 包含文件:          C:\Program Files (x86)\Microsoft Visual Studio\2022\BuildTools\VC\Tools\MSVC\14.44.35207\include\xfacet
注意: 包含文件:          C:\Program Files (x86)\Microsoft Visual Studio\2022\BuildTools\VC\Tools\MSVC\14.44.35207\include\xlocinfo
注意: 包含文件:           C:\Program Files (x86)\Microsoft Visual Studio\2022\BuildTools\VC\Tools\MSVC\14.44.35207\include\__msvc_xlocinfo_types.hpp
注意: 包含文件:           C:\Program Files (x86)\Microsoft Visual Studio\2022\BuildTools\VC\Tools\MSVC\14.44.35207\include\cctype
注意: 包含文件:            C:\Program Files (x86)\Windows Kits\10\include\10.0.19041.0\ucrt\ctype.h
注意: 包含文件:           C:\Program Files (x86)\Microsoft Visual Studio\2022\BuildTools\VC\Tools\MSVC\14.44.35207\include\clocale
注意: 包含文件:            C:\Program Files (x86)\Windows Kits\10\include\10.0.19041.0\ucrt\locale.h
注意: 包含文件:   C:\Program Files (x86)\Microsoft Visual Studio\2022\BuildTools\VC\Tools\MSVC\14.44.35207\include\ostream
