
Dump of file F:\codex_project\37_LLMsim\heterollm-sim-4.0.0\artifacts\development\native_long_grid_135_20260915\optimization_loop\round_028\host_service_controls\host-counter-probe.0002.exe

File Type: EXECUTABLE IMAGE

  Section contains the following imports:

    MSVCP140.dll
             1400060D0 Import Address Table
             140007EC0 Import Name Table
                     0 time date stamp
                     0 Index of first forwarder reference

                         50A ?tie@?$basic_ios@DU?$char_traits@D@std@@@std@@QEBAPEAV?$basic_ostream@DU?$char_traits@D@std@@@2@XZ
                         487 ?rdbuf@?$basic_ios@DU?$char_traits@D@std@@@std@@QEBAPEAV?$basic_streambuf@DU?$char_traits@D@std@@@2@XZ
                         361 ?fill@?$basic_ios@DU?$char_traits@D@std@@@std@@QEBADXZ
                           C ??0?$basic_ios@DU?$char_traits@D@std@@@std@@IEAA@XZ
                          25 ??0?$basic_ostream@DU?$char_traits@D@std@@@std@@QEAA@PEAV?$basic_streambuf@DU?$char_traits@D@std@@@1@_N@Z
                          86 ??1?$basic_ostream@DU?$char_traits@D@std@@@std@@UEAA@XZ
                         244 ?_Osfx@?$basic_ostream@DU?$char_traits@D@std@@@std@@QEAAXXZ
                          FF ??6?$basic_ostream@DU?$char_traits@D@std@@@std@@QEAAAEAV01@H@Z
                         102 ??6?$basic_ostream@DU?$char_traits@D@std@@@std@@QEAAAEAV01@K@Z
                         10B ??6?$basic_ostream@DU?$char_traits@D@std@@@std@@QEAAAEAV01@_J@Z
                         10C ??6?$basic_ostream@DU?$char_traits@D@std@@@std@@QEAAAEAV01@_K@Z
                          7D ??1?$basic_ios@DU?$char_traits@D@std@@@std@@UEAA@XZ
                         368 ?flush@?$basic_ostream@DU?$char_traits@D@std@@@std@@QEAAAEAV12@XZ
                         4C4 ?setprecision@std@@YA?AU?$_Smanip@_J@1@_J@Z
                         3F6 ?imbue@?$basic_streambuf@DU?$char_traits@D@std@@@std@@MEAAXAEBVlocale@2@@Z
                         4FD ?sync@?$basic_streambuf@DU?$char_traits@D@std@@@std@@MEAAHXZ
                         4B5 ?setbuf@?$basic_streambuf@DU?$char_traits@D@std@@@std@@MEAAPEAV12@PEAD_J@Z
                         546 ?xsputn@?$basic_streambuf@DU?$char_traits@D@std@@@std@@MEAA_JPEBD_J@Z
                         543 ?xsgetn@?$basic_streambuf@DU?$char_traits@D@std@@@std@@MEAA_JPEAD_J@Z
                         51B ?uflow@?$basic_streambuf@DU?$char_traits@D@std@@@std@@MEAAHXZ
                         4D5 ?showmanyc@?$basic_streambuf@DU?$char_traits@D@std@@@std@@MEAA_JXZ
                         27F ?_Unlock@?$basic_streambuf@DU?$char_traits@D@std@@@std@@UEAAXXZ
                         228 ?_Lock@?$basic_streambuf@DU?$char_traits@D@std@@@std@@UEAAXXZ
                         4C5 ?setstate@?$basic_ios@DU?$char_traits@D@std@@@std@@QEAAXH_N@Z
                         24A ?_Pninc@?$basic_streambuf@DU?$char_traits@D@std@@@std@@IEAAPEADXZ
                         4BE ?setp@?$basic_streambuf@DU?$char_traits@D@std@@@std@@IEAAXPEAD00@Z
                         4BF ?setp@?$basic_streambuf@DU?$char_traits@D@std@@@std@@IEAAXPEAD0@Z
                         359 ?epptr@?$basic_streambuf@DU?$char_traits@D@std@@@std@@IEBAPEADXZ
                         4BA ?setg@?$basic_streambuf@DU?$char_traits@D@std@@@std@@IEAAXPEAD00@Z
                         36B ?gbump@?$basic_streambuf@DU?$char_traits@D@std@@@std@@IEAAXH@Z
                         350 ?egptr@?$basic_streambuf@DU?$char_traits@D@std@@@std@@IEBAPEADXZ
                         447 ?pptr@?$basic_streambuf@DU?$char_traits@D@std@@@std@@IEBAPEADXZ
                         43E ?pbase@?$basic_streambuf@DU?$char_traits@D@std@@@std@@IEBAPEADXZ
                         3C6 ?gptr@?$basic_streambuf@DU?$char_traits@D@std@@@std@@IEBAPEADXZ
                         34D ?eback@?$basic_streambuf@DU?$char_traits@D@std@@@std@@IEBAPEADXZ
                         4E1 ?sputn@?$basic_streambuf@DU?$char_traits@D@std@@@std@@QEAA_JPEBD_J@Z
                         4DE ?sputc@?$basic_streambuf@DU?$char_traits@D@std@@@std@@QEAAHD@Z
                          89 ??1?$basic_streambuf@DU?$char_traits@D@std@@@std@@UEAA@XZ
                          2F ??0?$basic_streambuf@DU?$char_traits@D@std@@@std@@IEAA@XZ
                         53D ?width@ios_base@std@@QEAA_J_J@Z
                         53E ?width@ios_base@std@@QEBA_JXZ
                         367 ?flags@ios_base@std@@QEBAHXZ
                         3C5 ?good@ios_base@std@@QEBA_NXZ
                         51E ?uncaught_exception@std@@YA_NXZ
                         28E ?_Xlength_error@std@@YAXPEBD@Z
                         104 ??6?$basic_ostream@DU?$char_traits@D@std@@@std@@QEAAAEAV01@N@Z

    KERNEL32.dll
             140006000 Import Address Table
             140007DF0 Import Name Table
                     0 time date stamp
                     0 Index of first forwarder reference

                         5C1 UnhandledExceptionFilter
                         385 IsDebuggerPresent
                         36F InitializeSListHead
                         2F3 GetSystemTimeAsFileTime
                         38C IsProcessorFeaturePresent
                         59F TerminateProcess
                         220 GetCurrentProcess
                         580 SetUnhandledExceptionFilter
                         4E4 RtlVirtualUnwind
                         4DD RtlLookupFunctionEntry
                         4D6 RtlCaptureContext
                         565 SetThreadAffinityMask
                         457 QueryThreadCycleTime
                         30F GetThreadTimes
                         225 GetCurrentThreadId
                         224 GetCurrentThread
                         221 GetCurrentProcessId
                         590 Sleep
                         453 QueryPerformanceFrequency
                         452 QueryPerformanceCounter
                          89 CloseHandle
                         626 WriteFile
                         1A8 FlushFileBuffers
                          C6 CreateFileA
                         281 GetModuleHandleW

    VCRUNTIME140.dll
             140006248 Import Address Table
             140008038 Import Name Table
                     0 time date stamp
                     0 Index of first forwarder reference

                          23 __std_terminate
                          21 __std_exception_copy
                          22 __std_exception_destroy
                           1 _CxxThrowException
                          3E memset
                          3C memcpy
                          3D memmove
                           8 __C_specific_handler
                          1B __current_exception
                          1C __current_exception_context

    VCRUNTIME140_1.dll
             1400062A0 Import Address Table
             140008090 Import Name Table
                     0 time date stamp
                     0 Index of first forwarder reference

                           0 __CxxFrameHandler4

    api-ms-win-crt-runtime-l1-1-0.dll
             140006308 Import Address Table
             1400080F8 Import Name Table
                     0 time date stamp
                     0 Index of first forwarder reference

                          42 _set_app_type
                          18 _configure_narrow_argv
                          37 _initterm_e
                          55 exit
                          23 _exit
                          36 _initterm
                          33 _initialize_narrow_environment
                           4 __p___argc
                           5 __p___argv
                          16 _cexit
                          15 _c_exit
                          3D _register_thread_local_exe_atexit_callback
                          40 _seh_filter_exe
                          3A _invoke_watson
                          28 _get_initial_narrow_environment
                          67 terminate
                          34 _initialize_onexit_table
                          3C _register_onexit_function
                          1E _crt_atexit

    api-ms-win-crt-heap-l1-1-0.dll
             1400062C0 Import Address Table
             1400080B0 Import Name Table
                     0 time date stamp
                     0 Index of first forwarder reference

                          19 malloc
                          18 free
                          16 _set_new_mode
                           8 _callnewh

    api-ms-win-crt-environment-l1-1-0.dll
             1400062B0 Import Address Table
             1400080A0 Import Name Table
                     0 time date stamp
                     0 Index of first forwarder reference

                          10 getenv

    api-ms-win-crt-string-l1-1-0.dll
             1400063C0 Import Address Table
             1400081B0 Import Name Table
                     0 time date stamp
                     0 Index of first forwarder reference

                          86 strcmp
                          8B strlen

    api-ms-win-crt-math-l1-1-0.dll
             1400062F8 Import Address Table
             1400080E8 Import Name Table
                     0 time date stamp
                     0 Index of first forwarder reference

                           9 __setusermatherr

    api-ms-win-crt-stdio-l1-1-0.dll
             1400063A8 Import Address Table
             140008198 Import Name Table
                     0 time date stamp
                     0 Index of first forwarder reference

                          54 _set_fmode
                           1 __p__commode

    api-ms-win-crt-locale-l1-1-0.dll
             1400062E8 Import Address Table
             1400080D8 Import Name Table
                     0 time date stamp
                     0 Index of first forwarder reference

                           8 _configthreadlocale

  Summary

        1000 .data
        1000 .pdata
        4000 .rdata
        1000 .reloc
        5000 .text
