...............................................FFFFFFF.......            [100%]
================================== FAILURES ===================================
__________________ test_type12_fixed_shape_and_exact_strides __________________

    def test_type12_fixed_shape_and_exact_strides():
>       raw,p=captured();assert q.validate_capture(raw,p)

test_qualification.py:35: 
_ _ _ _ _ _ _ _ _ _ _ _ _ _ _ _ _ _ _ _ _ _ _ _ _ _ _ _ _ _ _ _ _ _ _ _ _ _ _ _

raw = {'CUPTI_path': 'F:\\codex_project\\37_LLMsim\\tools\\nsys_cli\\target-windows-x64\\cupti64_134.dll', 'compile_CUPTI_AP...: {'K': 2048, 'M': 1, 'N': 2048, 'format': 'Q4_K', ...}, 'graph_tensors': {'input': 1, 'output': 3, 'weights': 2}, ...}
protocol = {'CUPTI': {'bytes': 3310728, 'path': 'F:\\codex_project\\37_LLMsim\\tools\\nsys_cli\\target-windows-x64\\cupti64_134.d...ropped_records': 0, ...}, 'actual_key': {'CUDA_graph': False, 'K_executed': 2048, 'K_logical': 2048, 'M': 1, ...}, ...}

    def validate_capture(raw,protocol):
        need(raw['schema']=='r31-q4k-wrapper-launch-capture/v1' and raw['status']=='path_observed_pending_independent_numeric','target path rejected')
        need(raw['timed'] is False and raw['performance_parameter_admitted'] is False and raw['target_LLM_latency_used'] is False,'invalid cost scope')
>       need(raw['protocol_sha256']==b.ref(P/'protocol.json')['sha256'],'protocol mismatch')
E       UnboundLocalError: cannot access local variable 'b' where it is not associated with a value

qualification.py:52: UnboundLocalError
________________ test_Q4_wrapper_path_mutations_rejected[type] ________________

mutate = 'type'

    @pytest.mark.parametrize('mutate',['type','shape','stride','PDL','allocation','early_sync'])
    def test_Q4_wrapper_path_mutations_rejected(mutate):
        raw,p=captured()
        if mutate=='type':raw['launches'][1]['symbol']=raw['launches'][1]['symbol'].replace('type12E','type6E')
        elif mutate=='shape':raw['configuration']={**raw['configuration'],'M':4}
        elif mutate=='stride':raw['launches'][1]['arguments']['stride_row_x']=64
        elif mutate=='PDL':raw['launches'][1]['attributes'][0]['programmaticStreamSerializationAllowed']=0
        else:
            raw['runtime_auxiliary_count']=1;raw['runtime_auxiliary_calls']=[{'api_name':'cudaMallocAsync' if mutate=='allocation' else 'cudaStreamSynchronize',
                'classification':'allocation' if mutate=='allocation' else 'synchronization','after_launch_pair':mutate!='early_sync','exit_seen':True,'return_code':0}]
>       with pytest.raises(ValueError):q.validate_capture(raw,p)

test_qualification.py:52: 
_ _ _ _ _ _ _ _ _ _ _ _ _ _ _ _ _ _ _ _ _ _ _ _ _ _ _ _ _ _ _ _ _ _ _ _ _ _ _ _

raw = {'CUPTI_path': 'F:\\codex_project\\37_LLMsim\\tools\\nsys_cli\\target-windows-x64\\cupti64_134.dll', 'compile_CUPTI_AP...: {'K': 2048, 'M': 1, 'N': 2048, 'format': 'Q4_K', ...}, 'graph_tensors': {'input': 1, 'output': 3, 'weights': 2}, ...}
protocol = {'CUPTI': {'bytes': 3310728, 'path': 'F:\\codex_project\\37_LLMsim\\tools\\nsys_cli\\target-windows-x64\\cupti64_134.d...ropped_records': 0, ...}, 'actual_key': {'CUDA_graph': False, 'K_executed': 2048, 'K_logical': 2048, 'M': 1, ...}, ...}

    def validate_capture(raw,protocol):
        need(raw['schema']=='r31-q4k-wrapper-launch-capture/v1' and raw['status']=='path_observed_pending_independent_numeric','target path rejected')
        need(raw['timed'] is False and raw['performance_parameter_admitted'] is False and raw['target_LLM_latency_used'] is False,'invalid cost scope')
>       need(raw['protocol_sha256']==b.ref(P/'protocol.json')['sha256'],'protocol mismatch')
E       UnboundLocalError: cannot access local variable 'b' where it is not associated with a value

qualification.py:52: UnboundLocalError
_______________ test_Q4_wrapper_path_mutations_rejected[shape] ________________

mutate = 'shape'

    @pytest.mark.parametrize('mutate',['type','shape','stride','PDL','allocation','early_sync'])
    def test_Q4_wrapper_path_mutations_rejected(mutate):
        raw,p=captured()
        if mutate=='type':raw['launches'][1]['symbol']=raw['launches'][1]['symbol'].replace('type12E','type6E')
        elif mutate=='shape':raw['configuration']={**raw['configuration'],'M':4}
        elif mutate=='stride':raw['launches'][1]['arguments']['stride_row_x']=64
        elif mutate=='PDL':raw['launches'][1]['attributes'][0]['programmaticStreamSerializationAllowed']=0
        else:
            raw['runtime_auxiliary_count']=1;raw['runtime_auxiliary_calls']=[{'api_name':'cudaMallocAsync' if mutate=='allocation' else 'cudaStreamSynchronize',
                'classification':'allocation' if mutate=='allocation' else 'synchronization','after_launch_pair':mutate!='early_sync','exit_seen':True,'return_code':0}]
>       with pytest.raises(ValueError):q.validate_capture(raw,p)

test_qualification.py:52: 
_ _ _ _ _ _ _ _ _ _ _ _ _ _ _ _ _ _ _ _ _ _ _ _ _ _ _ _ _ _ _ _ _ _ _ _ _ _ _ _

raw = {'CUPTI_path': 'F:\\codex_project\\37_LLMsim\\tools\\nsys_cli\\target-windows-x64\\cupti64_134.dll', 'compile_CUPTI_AP...: {'K': 2048, 'M': 4, 'N': 2048, 'format': 'Q4_K', ...}, 'graph_tensors': {'input': 1, 'output': 3, 'weights': 2}, ...}
protocol = {'CUPTI': {'bytes': 3310728, 'path': 'F:\\codex_project\\37_LLMsim\\tools\\nsys_cli\\target-windows-x64\\cupti64_134.d...ropped_records': 0, ...}, 'actual_key': {'CUDA_graph': False, 'K_executed': 2048, 'K_logical': 2048, 'M': 1, ...}, ...}

    def validate_capture(raw,protocol):
        need(raw['schema']=='r31-q4k-wrapper-launch-capture/v1' and raw['status']=='path_observed_pending_independent_numeric','target path rejected')
        need(raw['timed'] is False and raw['performance_parameter_admitted'] is False and raw['target_LLM_latency_used'] is False,'invalid cost scope')
>       need(raw['protocol_sha256']==b.ref(P/'protocol.json')['sha256'],'protocol mismatch')
E       UnboundLocalError: cannot access local variable 'b' where it is not associated with a value

qualification.py:52: UnboundLocalError
_______________ test_Q4_wrapper_path_mutations_rejected[stride] _______________

mutate = 'stride'

    @pytest.mark.parametrize('mutate',['type','shape','stride','PDL','allocation','early_sync'])
    def test_Q4_wrapper_path_mutations_rejected(mutate):
        raw,p=captured()
        if mutate=='type':raw['launches'][1]['symbol']=raw['launches'][1]['symbol'].replace('type12E','type6E')
        elif mutate=='shape':raw['configuration']={**raw['configuration'],'M':4}
        elif mutate=='stride':raw['launches'][1]['arguments']['stride_row_x']=64
        elif mutate=='PDL':raw['launches'][1]['attributes'][0]['programmaticStreamSerializationAllowed']=0
        else:
            raw['runtime_auxiliary_count']=1;raw['runtime_auxiliary_calls']=[{'api_name':'cudaMallocAsync' if mutate=='allocation' else 'cudaStreamSynchronize',
                'classification':'allocation' if mutate=='allocation' else 'synchronization','after_launch_pair':mutate!='early_sync','exit_seen':True,'return_code':0}]
>       with pytest.raises(ValueError):q.validate_capture(raw,p)

test_qualification.py:52: 
_ _ _ _ _ _ _ _ _ _ _ _ _ _ _ _ _ _ _ _ _ _ _ _ _ _ _ _ _ _ _ _ _ _ _ _ _ _ _ _

raw = {'CUPTI_path': 'F:\\codex_project\\37_LLMsim\\tools\\nsys_cli\\target-windows-x64\\cupti64_134.dll', 'compile_CUPTI_AP...: {'K': 2048, 'M': 1, 'N': 2048, 'format': 'Q4_K', ...}, 'graph_tensors': {'input': 1, 'output': 3, 'weights': 2}, ...}
protocol = {'CUPTI': {'bytes': 3310728, 'path': 'F:\\codex_project\\37_LLMsim\\tools\\nsys_cli\\target-windows-x64\\cupti64_134.d...ropped_records': 0, ...}, 'actual_key': {'CUDA_graph': False, 'K_executed': 2048, 'K_logical': 2048, 'M': 1, ...}, ...}

    def validate_capture(raw,protocol):
        need(raw['schema']=='r31-q4k-wrapper-launch-capture/v1' and raw['status']=='path_observed_pending_independent_numeric','target path rejected')
        need(raw['timed'] is False and raw['performance_parameter_admitted'] is False and raw['target_LLM_latency_used'] is False,'invalid cost scope')
>       need(raw['protocol_sha256']==b.ref(P/'protocol.json')['sha256'],'protocol mismatch')
E       UnboundLocalError: cannot access local variable 'b' where it is not associated with a value

qualification.py:52: UnboundLocalError
________________ test_Q4_wrapper_path_mutations_rejected[PDL] _________________

mutate = 'PDL'

    @pytest.mark.parametrize('mutate',['type','shape','stride','PDL','allocation','early_sync'])
    def test_Q4_wrapper_path_mutations_rejected(mutate):
        raw,p=captured()
        if mutate=='type':raw['launches'][1]['symbol']=raw['launches'][1]['symbol'].replace('type12E','type6E')
        elif mutate=='shape':raw['configuration']={**raw['configuration'],'M':4}
        elif mutate=='stride':raw['launches'][1]['arguments']['stride_row_x']=64
        elif mutate=='PDL':raw['launches'][1]['attributes'][0]['programmaticStreamSerializationAllowed']=0
        else:
            raw['runtime_auxiliary_count']=1;raw['runtime_auxiliary_calls']=[{'api_name':'cudaMallocAsync' if mutate=='allocation' else 'cudaStreamSynchronize',
                'classification':'allocation' if mutate=='allocation' else 'synchronization','after_launch_pair':mutate!='early_sync','exit_seen':True,'return_code':0}]
>       with pytest.raises(ValueError):q.validate_capture(raw,p)

test_qualification.py:52: 
_ _ _ _ _ _ _ _ _ _ _ _ _ _ _ _ _ _ _ _ _ _ _ _ _ _ _ _ _ _ _ _ _ _ _ _ _ _ _ _

raw = {'CUPTI_path': 'F:\\codex_project\\37_LLMsim\\tools\\nsys_cli\\target-windows-x64\\cupti64_134.dll', 'compile_CUPTI_AP...: {'K': 2048, 'M': 1, 'N': 2048, 'format': 'Q4_K', ...}, 'graph_tensors': {'input': 1, 'output': 3, 'weights': 2}, ...}
protocol = {'CUPTI': {'bytes': 3310728, 'path': 'F:\\codex_project\\37_LLMsim\\tools\\nsys_cli\\target-windows-x64\\cupti64_134.d...ropped_records': 0, ...}, 'actual_key': {'CUDA_graph': False, 'K_executed': 2048, 'K_logical': 2048, 'M': 1, ...}, ...}

    def validate_capture(raw,protocol):
        need(raw['schema']=='r31-q4k-wrapper-launch-capture/v1' and raw['status']=='path_observed_pending_independent_numeric','target path rejected')
        need(raw['timed'] is False and raw['performance_parameter_admitted'] is False and raw['target_LLM_latency_used'] is False,'invalid cost scope')
>       need(raw['protocol_sha256']==b.ref(P/'protocol.json')['sha256'],'protocol mismatch')
E       UnboundLocalError: cannot access local variable 'b' where it is not associated with a value

qualification.py:52: UnboundLocalError
_____________ test_Q4_wrapper_path_mutations_rejected[allocation] _____________

mutate = 'allocation'

    @pytest.mark.parametrize('mutate',['type','shape','stride','PDL','allocation','early_sync'])
    def test_Q4_wrapper_path_mutations_rejected(mutate):
        raw,p=captured()
        if mutate=='type':raw['launches'][1]['symbol']=raw['launches'][1]['symbol'].replace('type12E','type6E')
        elif mutate=='shape':raw['configuration']={**raw['configuration'],'M':4}
        elif mutate=='stride':raw['launches'][1]['arguments']['stride_row_x']=64
        elif mutate=='PDL':raw['launches'][1]['attributes'][0]['programmaticStreamSerializationAllowed']=0
        else:
            raw['runtime_auxiliary_count']=1;raw['runtime_auxiliary_calls']=[{'api_name':'cudaMallocAsync' if mutate=='allocation' else 'cudaStreamSynchronize',
                'classification':'allocation' if mutate=='allocation' else 'synchronization','after_launch_pair':mutate!='early_sync','exit_seen':True,'return_code':0}]
>       with pytest.raises(ValueError):q.validate_capture(raw,p)

test_qualification.py:52: 
_ _ _ _ _ _ _ _ _ _ _ _ _ _ _ _ _ _ _ _ _ _ _ _ _ _ _ _ _ _ _ _ _ _ _ _ _ _ _ _

raw = {'CUPTI_path': 'F:\\codex_project\\37_LLMsim\\tools\\nsys_cli\\target-windows-x64\\cupti64_134.dll', 'compile_CUPTI_AP...: {'K': 2048, 'M': 1, 'N': 2048, 'format': 'Q4_K', ...}, 'graph_tensors': {'input': 1, 'output': 3, 'weights': 2}, ...}
protocol = {'CUPTI': {'bytes': 3310728, 'path': 'F:\\codex_project\\37_LLMsim\\tools\\nsys_cli\\target-windows-x64\\cupti64_134.d...ropped_records': 0, ...}, 'actual_key': {'CUDA_graph': False, 'K_executed': 2048, 'K_logical': 2048, 'M': 1, ...}, ...}

    def validate_capture(raw,protocol):
        need(raw['schema']=='r31-q4k-wrapper-launch-capture/v1' and raw['status']=='path_observed_pending_independent_numeric','target path rejected')
        need(raw['timed'] is False and raw['performance_parameter_admitted'] is False and raw['target_LLM_latency_used'] is False,'invalid cost scope')
>       need(raw['protocol_sha256']==b.ref(P/'protocol.json')['sha256'],'protocol mismatch')
E       UnboundLocalError: cannot access local variable 'b' where it is not associated with a value

qualification.py:52: UnboundLocalError
_____________ test_Q4_wrapper_path_mutations_rejected[early_sync] _____________

mutate = 'early_sync'

    @pytest.mark.parametrize('mutate',['type','shape','stride','PDL','allocation','early_sync'])
    def test_Q4_wrapper_path_mutations_rejected(mutate):
        raw,p=captured()
        if mutate=='type':raw['launches'][1]['symbol']=raw['launches'][1]['symbol'].replace('type12E','type6E')
        elif mutate=='shape':raw['configuration']={**raw['configuration'],'M':4}
        elif mutate=='stride':raw['launches'][1]['arguments']['stride_row_x']=64
        elif mutate=='PDL':raw['launches'][1]['attributes'][0]['programmaticStreamSerializationAllowed']=0
        else:
            raw['runtime_auxiliary_count']=1;raw['runtime_auxiliary_calls']=[{'api_name':'cudaMallocAsync' if mutate=='allocation' else 'cudaStreamSynchronize',
                'classification':'allocation' if mutate=='allocation' else 'synchronization','after_launch_pair':mutate!='early_sync','exit_seen':True,'return_code':0}]
>       with pytest.raises(ValueError):q.validate_capture(raw,p)

test_qualification.py:52: 
_ _ _ _ _ _ _ _ _ _ _ _ _ _ _ _ _ _ _ _ _ _ _ _ _ _ _ _ _ _ _ _ _ _ _ _ _ _ _ _

raw = {'CUPTI_path': 'F:\\codex_project\\37_LLMsim\\tools\\nsys_cli\\target-windows-x64\\cupti64_134.dll', 'compile_CUPTI_AP...: {'K': 2048, 'M': 1, 'N': 2048, 'format': 'Q4_K', ...}, 'graph_tensors': {'input': 1, 'output': 3, 'weights': 2}, ...}
protocol = {'CUPTI': {'bytes': 3310728, 'path': 'F:\\codex_project\\37_LLMsim\\tools\\nsys_cli\\target-windows-x64\\cupti64_134.d...ropped_records': 0, ...}, 'actual_key': {'CUDA_graph': False, 'K_executed': 2048, 'K_logical': 2048, 'M': 1, ...}, ...}

    def validate_capture(raw,protocol):
        need(raw['schema']=='r31-q4k-wrapper-launch-capture/v1' and raw['status']=='path_observed_pending_independent_numeric','target path rejected')
        need(raw['timed'] is False and raw['performance_parameter_admitted'] is False and raw['target_LLM_latency_used'] is False,'invalid cost scope')
>       need(raw['protocol_sha256']==b.ref(P/'protocol.json')['sha256'],'protocol mismatch')
E       UnboundLocalError: cannot access local variable 'b' where it is not associated with a value

qualification.py:52: UnboundLocalError
=========================== short test summary info ===========================
FAILED test_qualification.py::test_type12_fixed_shape_and_exact_strides - Unb...
FAILED test_qualification.py::test_Q4_wrapper_path_mutations_rejected[type]
FAILED test_qualification.py::test_Q4_wrapper_path_mutations_rejected[shape]
FAILED test_qualification.py::test_Q4_wrapper_path_mutations_rejected[stride]
FAILED test_qualification.py::test_Q4_wrapper_path_mutations_rejected[PDL] - ...
FAILED test_qualification.py::test_Q4_wrapper_path_mutations_rejected[allocation]
FAILED test_qualification.py::test_Q4_wrapper_path_mutations_rejected[early_sync]
7 failed, 54 passed in 1.17s
