...................................................F.................    [100%]
================================== FAILURES ===================================
_____ test_campaign_stops_new_slots_after_interrupted_child_natural_exit ______

tmp_path = WindowsPath('F:/codex_project/37_LLMsim/heterollm-sim-4.0.0/artifacts/development/native_long_grid_135_20260915/optimization_loop/round_031/q4k_timing/host_prebuild_tmp.0003/test_campaign_stops_new_slots_0')
monkeypatch = <_pytest.monkeypatch.MonkeyPatch object at 0x00000273F8289CA0>

    def test_campaign_stops_new_slots_after_interrupted_child_natural_exit(tmp_path,monkeypatch):
        monkeypatch.setattr(r,'P',tmp_path)
        monkeypatch.setattr(r,'verify_review',lambda *_:None)
        monkeypatch.setattr(r,'prepared',lambda:({},{}))
        monkeypatch.setattr(r,'runtime_prerequisites',lambda:{})
        monkeypatch.setattr(r,'ensure_proof',lambda *args:tmp_path/'proof.json')
        calls=[]
        def child(*args):
            calls.append(args);return {'observation_interrupted':True,'natural_exit':True,'identity_unchanged':True}
        monkeypatch.setattr(r,'run_process',child)
>       with pytest.raises(ValueError,match='observation interrupted'):r.campaign(tmp_path/'run.0001','run','a'*40)

test_runner.py:308: 
_ _ _ _ _ _ _ _ _ _ _ _ _ _ _ _ _ _ _ _ _ _ _ _ _ _ _ _ _ _ _ _ _ _ _ _ _ _ _ _
runner.py:432: in campaign
    'budget_begin_qpc_ns':time.perf_counter_ns(),'budget_seconds':1200,'initial_plan':make_plan(5),'full_extension_plan':make_plan(10),'target_actuals_used_for_selection':False}
runner.py:321: in make_plan
    p=protocol();need(n in (5,10),'only frozen block counts')
runner.py:23: in protocol
    def protocol():return load(P/'protocol.json')
runner.py:22: in load
    def load(path):return json.loads(Path(path).read_text(encoding='utf8'))
E:\anaconda\Lib\pathlib.py:1027: in read_text
    with self.open(mode='r', encoding=encoding, errors=errors) as f:
_ _ _ _ _ _ _ _ _ _ _ _ _ _ _ _ _ _ _ _ _ _ _ _ _ _ _ _ _ _ _ _ _ _ _ _ _ _ _ _

self = WindowsPath('F:/codex_project/37_LLMsim/heterollm-sim-4.0.0/artifacts/development/native_long_grid_135_20260915/optimization_loop/round_031/q4k_timing/host_prebuild_tmp.0003/test_campaign_stops_new_slots_0/protocol.json')
mode = 'r', buffering = -1, encoding = 'utf8', errors = None, newline = None

    def open(self, mode='r', buffering=-1, encoding=None,
             errors=None, newline=None):
        """
        Open the file pointed to by this path and return a file object, as
        the built-in open() function does.
        """
        if "b" not in mode:
            encoding = io.text_encoding(encoding)
>       return io.open(self, mode, buffering, encoding, errors, newline)
E       FileNotFoundError: [Errno 2] No such file or directory: 'F:\\codex_project\\37_LLMsim\\heterollm-sim-4.0.0\\artifacts\\development\\native_long_grid_135_20260915\\optimization_loop\\round_031\\q4k_timing\\host_prebuild_tmp.0003\\test_campaign_stops_new_slots_0\\protocol.json'

E:\anaconda\Lib\pathlib.py:1013: FileNotFoundError
=========================== short test summary info ===========================
FAILED test_runner.py::test_campaign_stops_new_slots_after_interrupted_child_natural_exit
1 failed, 68 passed in 1.67s
